#
# There is insufficient memory for the Java Runtime Environment to continue.
# Native memory allocation (malloc) failed to allocate 32744 bytes. Error detail: ChunkPool::allocate
# Possible reasons:
#   The system is out of physical RAM or swap space
#   This process is running with CompressedOops enabled, and the Java Heap may be blocking the growth of the native heap
# Possible solutions:
#   Reduce memory load on the system
#   Increase physical memory or swap space
#   Check if swap backing store is full
#   Decrease Java heap size (-Xmx/-Xms)
#   Decrease number of Java threads
#   Decrease Java thread stack sizes (-Xss)
#   Set larger code cache with -XX:ReservedCodeCacheSize=
#   JVM is running with Unscaled Compressed Oops mode in which the Java heap is
#     placed in the first 4GB address space. The Java Heap base address is the
#     maximum limit for the native heap growth. Please use -XX:HeapBaseMinAddress
#     to set the Java Heap base and to place the Java Heap above 4GB virtual address.
# This output file may be truncated or incomplete.
#
#  Out of Memory Error (arena.cpp:79), pid=22228, tid=13400
#
# JRE version: OpenJDK Runtime Environment Temurin-17.0.17+10 (17.0.17+10) (build 17.0.17+10)
# Java VM: OpenJDK 64-Bit Server VM Temurin-17.0.17+10 (17.0.17+10, mixed mode, sharing, tiered, compressed oops, compressed class ptrs, g1 gc, windows-amd64)
# No core dump will be written. Minidumps are not enabled by default on client versions of Windows
#

---------------  S U M M A R Y ------------

Command Line: -Dorg.gradle.appname=gradlew org.gradle.wrapper.GradleWrapperMain -q -Ptarget-platform=android-arm64 -Ptarget=C:\Users\USER\StudioProjects\thumstechs\lib\main.dart -Pbase-application-name=android.app.Application -Pdart-defines=Zmx1dHRlci5pbnNwZWN0b3Iuc3RydWN0dXJlZEVycm9ycz10cnVl,RkxVVFRFUl9CVUlMRF9OQU1FPTEuMC4w,RkxVVFRFUl9CVUlMRF9OVU1CRVI9MTk=,RkxVVFRFUl9WRVJTSU9OPTMuNDcuMg==,RkxVVFRFUl9DSEFOTkVMPXN0YWJsZQ==,RkxVVFRFUl9HSVRfVVJMPWh0dHBzOi8vZ2l0aHViLmNvbS9mbHV0dGVyL2ZsdXR0ZXIuZ2l0,RkxVVFRFUl9GUkFNRVdPUktfUkVWSVNJT049ZDNiMTRjODc2OQ==,RkxVVFRFUl9FTkdJTkVfUkVWSVNJT049YTgwNGIyNjE2NA==,RkxVVFRFUl9EQVJUX1ZFUlNJT049My4xMy4y -Pdart-obfuscation=false -Ptrack-widget-creation=true -Ptree-shake-icons=false -Pfilesystem-scheme=org-dartlang-root -Pflutter.androidSdkRoot=C:\Users\USER\AppData\Local\Android\sdk -Pflutter.installedNdkVersions=27.0.12077973,28.0.12674087,28.2.13676358 -Pflutter.sdkManagerPath=C:\Users\USER\AppData\Local\Android\sdk\cmdline-tools\latest\bin\sdkmanager.bat assembleDebug

Host: 13th Gen Intel(R) Core(TM) i7-1355U, 12 cores, 7G,  Windows 11 , 64 bit Build 26100 (10.0.26100.9444)
Time: Sat Sep 19 17:18:20 2026 Pakistan Standard Time elapsed time: 16.750346 seconds (0d 0h 0m 16s)

---------------  T H R E A D  ---------------

Current thread (0x000001bf589876b0):  JavaThread "C2 CompilerThread0" daemon [_thread_in_native, id=13400, stack(0x0000003a26100000,0x0000003a26200000)]


Current CompileTask:
C2:16750 1546       4       org.gradle.internal.logging.text.AbstractLineChoppingStyledTextOutput$1::execute (9 bytes)

Stack: [0x0000003a26100000,0x0000003a26200000]
Native frames: (J=compiled Java code, j=interpreted, Vv=VM code, C=native code)
V  [jvm.dll+0x683fb9]
V  [jvm.dll+0x83a1b5]
V  [jvm.dll+0x83bc2e]
V  [jvm.dll+0x83c2b3]
V  [jvm.dll+0x248eff]
V  [jvm.dll+0xad69e]
V  [jvm.dll+0xadb3c]
V  [jvm.dll+0x6aabc4]
V  [jvm.dll+0x59f69c]
V  [jvm.dll+0x59eaf9]
V  [jvm.dll+0x58ada7]
V  [jvm.dll+0x222e84]
V  [jvm.dll+0x21b84e]
V  [jvm.dll+0x2190fe]
V  [jvm.dll+0x1a4920]
V  [jvm.dll+0x22989a]
V  [jvm.dll+0x227a4b]
V  [jvm.dll+0x7effb8]
V  [jvm.dll+0x7ea44c]
V  [jvm.dll+0x682e87]
C  [ucrtbase.dll+0x2cd30]
C  [KERNEL32.DLL+0x2cd87]
C  [ntdll.dll+0xacaec]


---------------  P R O C E S S  ---------------

Threads class SMR info:
_java_thread_list=0x000001bf9ea00580, length=13, elements={
0x000001bf3a3500e0, 0x000001bf58745f90, 0x000001bf58746860, 0x000001bf58982c30,
0x000001bf58983500, 0x000001bf58983dd0, 0x000001bf589846a0, 0x000001bf589876b0,
0x000001bf58989fe0, 0x000001bf5898a500, 0x000001bf58ae7770, 0x000001bf58ae95d0,
0x000001bf58ae7260
}

Java Threads: ( => current thread )
  0x000001bf3a3500e0 JavaThread "main" [_thread_in_native, id=18480, stack(0x0000003a25400000,0x0000003a25500000)]
  0x000001bf58745f90 JavaThread "Reference Handler" daemon [_thread_blocked, id=22604, stack(0x0000003a25b00000,0x0000003a25c00000)]
  0x000001bf58746860 JavaThread "Finalizer" daemon [_thread_blocked, id=576, stack(0x0000003a25c00000,0x0000003a25d00000)]
  0x000001bf58982c30 JavaThread "Signal Dispatcher" daemon [_thread_blocked, id=25372, stack(0x0000003a25d00000,0x0000003a25e00000)]
  0x000001bf58983500 JavaThread "Attach Listener" daemon [_thread_blocked, id=25844, stack(0x0000003a25e00000,0x0000003a25f00000)]
  0x000001bf58983dd0 JavaThread "Service Thread" daemon [_thread_blocked, id=5012, stack(0x0000003a25f00000,0x0000003a26000000)]
  0x000001bf589846a0 JavaThread "Monitor Deflation Thread" daemon [_thread_blocked, id=14016, stack(0x0000003a26000000,0x0000003a26100000)]
=>0x000001bf589876b0 JavaThread "C2 CompilerThread0" daemon [_thread_in_native, id=13400, stack(0x0000003a26100000,0x0000003a26200000)]
  0x000001bf58989fe0 JavaThread "C1 CompilerThread0" daemon [_thread_blocked, id=6200, stack(0x0000003a26200000,0x0000003a26300000)]
  0x000001bf5898a500 JavaThread "Sweeper thread" daemon [_thread_blocked, id=18644, stack(0x0000003a26300000,0x0000003a26400000)]
  0x000001bf58ae7770 JavaThread "Notification Thread" daemon [_thread_blocked, id=21920, stack(0x0000003a26400000,0x0000003a26500000)]
  0x000001bf58ae95d0 JavaThread "Common-Cleaner" daemon [_thread_blocked, id=17168, stack(0x0000003a26600000,0x0000003a26700000)]
  0x000001bf58ae7260 JavaThread "pool-1-thread-1" [_thread_blocked, id=3404, stack(0x0000003a26a00000,0x0000003a26b00000)]

Other Threads:
  0x000001bf58741fa0 VMThread "VM Thread" [stack: 0x0000003a25a00000,0x0000003a25b00000] [id=21264]
  0x000001bf58aeab00 WatcherThread [stack: 0x0000003a26500000,0x0000003a26600000] [id=9972]
  0x000001bf3a3aa430 GCTaskThread "GC Thread#0" [stack: 0x0000003a25500000,0x0000003a25600000] [id=18520]
  0x000001bf58c816a0 GCTaskThread "GC Thread#1" [stack: 0x0000003a26700000,0x0000003a26800000] [id=12708]
  0x000001bf9e0e9dd0 GCTaskThread "GC Thread#2" [stack: 0x0000003a26800000,0x0000003a26900000] [id=22904]
  0x000001bf9e0ea090 GCTaskThread "GC Thread#3" [stack: 0x0000003a26900000,0x0000003a26a00000] [id=9192]
  0x000001bf3a3ba390 ConcurrentGCThread "G1 Main Marker" [stack: 0x0000003a25600000,0x0000003a25700000] [id=7112]
  0x000001bf3a3bacc0 ConcurrentGCThread "G1 Conc#0" [stack: 0x0000003a25700000,0x0000003a25800000] [id=5344]
  0x000001bf585ee4d0 ConcurrentGCThread "G1 Refine#0" [stack: 0x0000003a25800000,0x0000003a25900000] [id=17924]
  0x000001bf585eebb0 ConcurrentGCThread "G1 Service" [stack: 0x0000003a25900000,0x0000003a25a00000] [id=21012]

Threads with active compile tasks:
C2 CompilerThread0  16839 1546       4       org.gradle.internal.logging.text.AbstractLineChoppingStyledTextOutput$1::execute (9 bytes)

VM state: not at safepoint (normal execution)

VM Mutex/Monitor currently owned by a thread: None

Heap address: 0x0000000087800000, size: 1928 MB, Compressed Oops mode: 32-bit

CDS archive(s) mapped at: [0x000001bf59000000-0x000001bf59bb0000-0x000001bf59bb0000), size 12255232, SharedBaseAddress: 0x000001bf59000000, ArchiveRelocationMode: 1.
Compressed class space mapped at: 0x000001bf5a000000-0x000001bf9a000000, reserved size: 1073741824
Narrow klass base: 0x000001bf59000000, Narrow klass shift: 0, Narrow klass range: 0x100000000

GC Precious Log:
 CPUs: 12 total, 12 available
 Memory: 7710M
 Large Page Support: Disabled
 NUMA Support: Disabled
 Compressed Oops: Enabled (32-bit)
 Heap Region Size: 1M
 Heap Min Capacity: 8M
 Heap Initial Capacity: 122M
 Heap Max Capacity: 1928M
 Pre-touch: Disabled
 Parallel Workers: 10
 Concurrent Workers: 3
 Concurrent Refinement Workers: 10
 Periodic GC: Disabled

Heap:
 garbage-first heap   total 124928K, used 37024K [0x0000000087800000, 0x0000000100000000)
  region size 1024K, 36 young (36864K), 3 survivors (3072K)
 Metaspace       used 8929K, committed 9088K, reserved 1114112K
  class space    used 1198K, committed 1280K, reserved 1048576K

Heap Regions: E=young(eden), S=young(survivor), O=old, HS=humongous(starts), HC=humongous(continues), CS=collection set, F=free, OA=open archive, CA=closed archive, TAMS=top-at-mark-start (previous, next)
|   0|0x0000000087800000, 0x0000000087900000, 0x0000000087900000|100%|HS|  |TAMS 0x0000000087800000, 0x0000000087800000| Complete 
|   1|0x0000000087900000, 0x0000000087a00000, 0x0000000087a00000|100%|HC|  |TAMS 0x0000000087900000, 0x0000000087900000| Complete 
|   2|0x0000000087a00000, 0x0000000087b00000, 0x0000000087b00000|100%|HC|  |TAMS 0x0000000087a00000, 0x0000000087a00000| Complete 
|   3|0x0000000087b00000, 0x0000000087b00000, 0x0000000087c00000|  0%| F|  |TAMS 0x0000000087b00000, 0x0000000087b00000| Untracked 
|   4|0x0000000087c00000, 0x0000000087c00000, 0x0000000087d00000|  0%| F|  |TAMS 0x0000000087c00000, 0x0000000087c00000| Untracked 
|   5|0x0000000087d00000, 0x0000000087d00000, 0x0000000087e00000|  0%| F|  |TAMS 0x0000000087d00000, 0x0000000087d00000| Untracked 
|   6|0x0000000087e00000, 0x0000000087e00000, 0x0000000087f00000|  0%| F|  |TAMS 0x0000000087e00000, 0x0000000087e00000| Untracked 
|   7|0x0000000087f00000, 0x0000000087f00000, 0x0000000088000000|  0%| F|  |TAMS 0x0000000087f00000, 0x0000000087f00000| Untracked 
|   8|0x0000000088000000, 0x0000000088000000, 0x0000000088100000|  0%| F|  |TAMS 0x0000000088000000, 0x0000000088000000| Untracked 
|   9|0x0000000088100000, 0x0000000088100000, 0x0000000088200000|  0%| F|  |TAMS 0x0000000088100000, 0x0000000088100000| Untracked 
|  10|0x0000000088200000, 0x0000000088200000, 0x0000000088300000|  0%| F|  |TAMS 0x0000000088200000, 0x0000000088200000| Untracked 
|  11|0x0000000088300000, 0x0000000088300000, 0x0000000088400000|  0%| F|  |TAMS 0x0000000088300000, 0x0000000088300000| Untracked 
|  12|0x0000000088400000, 0x0000000088400000, 0x0000000088500000|  0%| F|  |TAMS 0x0000000088400000, 0x0000000088400000| Untracked 
|  13|0x0000000088500000, 0x0000000088500000, 0x0000000088600000|  0%| F|  |TAMS 0x0000000088500000, 0x0000000088500000| Untracked 
|  14|0x0000000088600000, 0x0000000088600000, 0x0000000088700000|  0%| F|  |TAMS 0x0000000088600000, 0x0000000088600000| Untracked 
|  15|0x0000000088700000, 0x0000000088700000, 0x0000000088800000|  0%| F|  |TAMS 0x0000000088700000, 0x0000000088700000| Untracked 
|  16|0x0000000088800000, 0x0000000088800000, 0x0000000088900000|  0%| F|  |TAMS 0x0000000088800000, 0x0000000088800000| Untracked 
|  17|0x0000000088900000, 0x0000000088900000, 0x0000000088a00000|  0%| F|  |TAMS 0x0000000088900000, 0x0000000088900000| Untracked 
|  18|0x0000000088a00000, 0x0000000088a00000, 0x0000000088b00000|  0%| F|  |TAMS 0x0000000088a00000, 0x0000000088a00000| Untracked 
|  19|0x0000000088b00000, 0x0000000088b00000, 0x0000000088c00000|  0%| F|  |TAMS 0x0000000088b00000, 0x0000000088b00000| Untracked 
|  20|0x0000000088c00000, 0x0000000088c00000, 0x0000000088d00000|  0%| F|  |TAMS 0x0000000088c00000, 0x0000000088c00000| Untracked 
|  21|0x0000000088d00000, 0x0000000088d00000, 0x0000000088e00000|  0%| F|  |TAMS 0x0000000088d00000, 0x0000000088d00000| Untracked 
|  22|0x0000000088e00000, 0x0000000088e00000, 0x0000000088f00000|  0%| F|  |TAMS 0x0000000088e00000, 0x0000000088e00000| Untracked 
|  23|0x0000000088f00000, 0x0000000088f00000, 0x0000000089000000|  0%| F|  |TAMS 0x0000000088f00000, 0x0000000088f00000| Untracked 
|  24|0x0000000089000000, 0x0000000089000000, 0x0000000089100000|  0%| F|  |TAMS 0x0000000089000000, 0x0000000089000000| Untracked 
|  25|0x0000000089100000, 0x0000000089100000, 0x0000000089200000|  0%| F|  |TAMS 0x0000000089100000, 0x0000000089100000| Untracked 
|  26|0x0000000089200000, 0x0000000089200000, 0x0000000089300000|  0%| F|  |TAMS 0x0000000089200000, 0x0000000089200000| Untracked 
|  27|0x0000000089300000, 0x0000000089300000, 0x0000000089400000|  0%| F|  |TAMS 0x0000000089300000, 0x0000000089300000| Untracked 
|  28|0x0000000089400000, 0x0000000089400000, 0x0000000089500000|  0%| F|  |TAMS 0x0000000089400000, 0x0000000089400000| Untracked 
|  29|0x0000000089500000, 0x0000000089500000, 0x0000000089600000|  0%| F|  |TAMS 0x0000000089500000, 0x0000000089500000| Untracked 
|  30|0x0000000089600000, 0x0000000089600000, 0x0000000089700000|  0%| F|  |TAMS 0x0000000089600000, 0x0000000089600000| Untracked 
|  31|0x0000000089700000, 0x0000000089700000, 0x0000000089800000|  0%| F|  |TAMS 0x0000000089700000, 0x0000000089700000| Untracked 
|  32|0x0000000089800000, 0x0000000089800000, 0x0000000089900000|  0%| F|  |TAMS 0x0000000089800000, 0x0000000089800000| Untracked 
|  33|0x0000000089900000, 0x0000000089900000, 0x0000000089a00000|  0%| F|  |TAMS 0x0000000089900000, 0x0000000089900000| Untracked 
|  34|0x0000000089a00000, 0x0000000089a00000, 0x0000000089b00000|  0%| F|  |TAMS 0x0000000089a00000, 0x0000000089a00000| Untracked 
|  35|0x0000000089b00000, 0x0000000089b00000, 0x0000000089c00000|  0%| F|  |TAMS 0x0000000089b00000, 0x0000000089b00000| Untracked 
|  36|0x0000000089c00000, 0x0000000089c00000, 0x0000000089d00000|  0%| F|  |TAMS 0x0000000089c00000, 0x0000000089c00000| Untracked 
|  37|0x0000000089d00000, 0x0000000089d00000, 0x0000000089e00000|  0%| F|  |TAMS 0x0000000089d00000, 0x0000000089d00000| Untracked 
|  38|0x0000000089e00000, 0x0000000089e00000, 0x0000000089f00000|  0%| F|  |TAMS 0x0000000089e00000, 0x0000000089e00000| Untracked 
|  39|0x0000000089f00000, 0x0000000089f00000, 0x000000008a000000|  0%| F|  |TAMS 0x0000000089f00000, 0x0000000089f00000| Untracked 
|  40|0x000000008a000000, 0x000000008a000000, 0x000000008a100000|  0%| F|  |TAMS 0x000000008a000000, 0x000000008a000000| Untracked 
|  41|0x000000008a100000, 0x000000008a100000, 0x000000008a200000|  0%| F|  |TAMS 0x000000008a100000, 0x000000008a100000| Untracked 
|  42|0x000000008a200000, 0x000000008a200000, 0x000000008a300000|  0%| F|  |TAMS 0x000000008a200000, 0x000000008a200000| Untracked 
|  43|0x000000008a300000, 0x000000008a300000, 0x000000008a400000|  0%| F|  |TAMS 0x000000008a300000, 0x000000008a300000| Untracked 
|  44|0x000000008a400000, 0x000000008a400000, 0x000000008a500000|  0%| F|  |TAMS 0x000000008a400000, 0x000000008a400000| Untracked 
|  45|0x000000008a500000, 0x000000008a500000, 0x000000008a600000|  0%| F|  |TAMS 0x000000008a500000, 0x000000008a500000| Untracked 
|  46|0x000000008a600000, 0x000000008a600000, 0x000000008a700000|  0%| F|  |TAMS 0x000000008a600000, 0x000000008a600000| Untracked 
|  47|0x000000008a700000, 0x000000008a700000, 0x000000008a800000|  0%| F|  |TAMS 0x000000008a700000, 0x000000008a700000| Untracked 
|  48|0x000000008a800000, 0x000000008a800000, 0x000000008a900000|  0%| F|  |TAMS 0x000000008a800000, 0x000000008a800000| Untracked 
|  49|0x000000008a900000, 0x000000008a900000, 0x000000008aa00000|  0%| F|  |TAMS 0x000000008a900000, 0x000000008a900000| Untracked 
|  50|0x000000008aa00000, 0x000000008aa00000, 0x000000008ab00000|  0%| F|  |TAMS 0x000000008aa00000, 0x000000008aa00000| Untracked 
|  51|0x000000008ab00000, 0x000000008ab00000, 0x000000008ac00000|  0%| F|  |TAMS 0x000000008ab00000, 0x000000008ab00000| Untracked 
|  52|0x000000008ac00000, 0x000000008ac00000, 0x000000008ad00000|  0%| F|  |TAMS 0x000000008ac00000, 0x000000008ac00000| Untracked 
|  53|0x000000008ad00000, 0x000000008ad00000, 0x000000008ae00000|  0%| F|  |TAMS 0x000000008ad00000, 0x000000008ad00000| Untracked 
|  54|0x000000008ae00000, 0x000000008ae00000, 0x000000008af00000|  0%| F|  |TAMS 0x000000008ae00000, 0x000000008ae00000| Untracked 
|  55|0x000000008af00000, 0x000000008af00000, 0x000000008b000000|  0%| F|  |TAMS 0x000000008af00000, 0x000000008af00000| Untracked 
|  56|0x000000008b000000, 0x000000008b000000, 0x000000008b100000|  0%| F|  |TAMS 0x000000008b000000, 0x000000008b000000| Untracked 
|  57|0x000000008b100000, 0x000000008b100000, 0x000000008b200000|  0%| F|  |TAMS 0x000000008b100000, 0x000000008b100000| Untracked 
|  58|0x000000008b200000, 0x000000008b200000, 0x000000008b300000|  0%| F|  |TAMS 0x000000008b200000, 0x000000008b200000| Untracked 
|  59|0x000000008b300000, 0x000000008b300000, 0x000000008b400000|  0%| F|  |TAMS 0x000000008b300000, 0x000000008b300000| Untracked 
|  60|0x000000008b400000, 0x000000008b400000, 0x000000008b500000|  0%| F|  |TAMS 0x000000008b400000, 0x000000008b400000| Untracked 
|  61|0x000000008b500000, 0x000000008b500000, 0x000000008b600000|  0%| F|  |TAMS 0x000000008b500000, 0x000000008b500000| Untracked 
|  62|0x000000008b600000, 0x000000008b600000, 0x000000008b700000|  0%| F|  |TAMS 0x000000008b600000, 0x000000008b600000| Untracked 
|  63|0x000000008b700000, 0x000000008b700000, 0x000000008b800000|  0%| F|  |TAMS 0x000000008b700000, 0x000000008b700000| Untracked 
|  64|0x000000008b800000, 0x000000008b800000, 0x000000008b900000|  0%| F|  |TAMS 0x000000008b800000, 0x000000008b800000| Untracked 
|  65|0x000000008b900000, 0x000000008b900000, 0x000000008ba00000|  0%| F|  |TAMS 0x000000008b900000, 0x000000008b900000| Untracked 
|  66|0x000000008ba00000, 0x000000008ba00000, 0x000000008bb00000|  0%| F|  |TAMS 0x000000008ba00000, 0x000000008ba00000| Untracked 
|  67|0x000000008bb00000, 0x000000008bb00000, 0x000000008bc00000|  0%| F|  |TAMS 0x000000008bb00000, 0x000000008bb00000| Untracked 
|  68|0x000000008bc00000, 0x000000008bc00000, 0x000000008bd00000|  0%| F|  |TAMS 0x000000008bc00000, 0x000000008bc00000| Untracked 
|  69|0x000000008bd00000, 0x000000008bd00000, 0x000000008be00000|  0%| F|  |TAMS 0x000000008bd00000, 0x000000008bd00000| Untracked 
|  70|0x000000008be00000, 0x000000008be00000, 0x000000008bf00000|  0%| F|  |TAMS 0x000000008be00000, 0x000000008be00000| Untracked 
|  71|0x000000008bf00000, 0x000000008bf00000, 0x000000008c000000|  0%| F|  |TAMS 0x000000008bf00000, 0x000000008bf00000| Untracked 
|  72|0x000000008c000000, 0x000000008c000000, 0x000000008c100000|  0%| F|  |TAMS 0x000000008c000000, 0x000000008c000000| Untracked 
|  73|0x000000008c100000, 0x000000008c100000, 0x000000008c200000|  0%| F|  |TAMS 0x000000008c100000, 0x000000008c100000| Untracked 
|  74|0x000000008c200000, 0x000000008c200000, 0x000000008c300000|  0%| F|  |TAMS 0x000000008c200000, 0x000000008c200000| Untracked 
|  75|0x000000008c300000, 0x000000008c300000, 0x000000008c400000|  0%| F|  |TAMS 0x000000008c300000, 0x000000008c300000| Untracked 
|  76|0x000000008c400000, 0x000000008c400000, 0x000000008c500000|  0%| F|  |TAMS 0x000000008c400000, 0x000000008c400000| Untracked 
|  77|0x000000008c500000, 0x000000008c500000, 0x000000008c600000|  0%| F|  |TAMS 0x000000008c500000, 0x000000008c500000| Untracked 
|  78|0x000000008c600000, 0x000000008c600000, 0x000000008c700000|  0%| F|  |TAMS 0x000000008c600000, 0x000000008c600000| Untracked 
|  79|0x000000008c700000, 0x000000008c700000, 0x000000008c800000|  0%| F|  |TAMS 0x000000008c700000, 0x000000008c700000| Untracked 
|  80|0x000000008c800000, 0x000000008c800000, 0x000000008c900000|  0%| F|  |TAMS 0x000000008c800000, 0x000000008c800000| Untracked 
|  81|0x000000008c900000, 0x000000008c900000, 0x000000008ca00000|  0%| F|  |TAMS 0x000000008c900000, 0x000000008c900000| Untracked 
|  82|0x000000008ca00000, 0x000000008ca00000, 0x000000008cb00000|  0%| F|  |TAMS 0x000000008ca00000, 0x000000008ca00000| Untracked 
|  83|0x000000008cb00000, 0x000000008cb00000, 0x000000008cc00000|  0%| F|  |TAMS 0x000000008cb00000, 0x000000008cb00000| Untracked 
|  84|0x000000008cc00000, 0x000000008cc00000, 0x000000008cd00000|  0%| F|  |TAMS 0x000000008cc00000, 0x000000008cc00000| Untracked 
|  85|0x000000008cd00000, 0x000000008cd00000, 0x000000008ce00000|  0%| F|  |TAMS 0x000000008cd00000, 0x000000008cd00000| Untracked 
|  86|0x000000008ce00000, 0x000000008ce80000, 0x000000008cf00000| 50%| E|  |TAMS 0x000000008ce00000, 0x000000008ce00000| Complete 
|  87|0x000000008cf00000, 0x000000008d000000, 0x000000008d000000|100%| E|CS|TAMS 0x000000008cf00000, 0x000000008cf00000| Complete 
|  88|0x000000008d000000, 0x000000008d100000, 0x000000008d100000|100%| E|CS|TAMS 0x000000008d000000, 0x000000008d000000| Complete 
|  89|0x000000008d100000, 0x000000008d200000, 0x000000008d200000|100%| E|CS|TAMS 0x000000008d100000, 0x000000008d100000| Complete 
|  90|0x000000008d200000, 0x000000008d300000, 0x000000008d300000|100%| E|CS|TAMS 0x000000008d200000, 0x000000008d200000| Complete 
|  91|0x000000008d300000, 0x000000008d400000, 0x000000008d400000|100%| E|CS|TAMS 0x000000008d300000, 0x000000008d300000| Complete 
|  92|0x000000008d400000, 0x000000008d500000, 0x000000008d500000|100%| E|CS|TAMS 0x000000008d400000, 0x000000008d400000| Complete 
|  93|0x000000008d500000, 0x000000008d600000, 0x000000008d600000|100%| E|CS|TAMS 0x000000008d500000, 0x000000008d500000| Complete 
|  94|0x000000008d600000, 0x000000008d700000, 0x000000008d700000|100%| E|CS|TAMS 0x000000008d600000, 0x000000008d600000| Complete 
|  95|0x000000008d700000, 0x000000008d800000, 0x000000008d800000|100%| E|CS|TAMS 0x000000008d700000, 0x000000008d700000| Complete 
|  96|0x000000008d800000, 0x000000008d828000, 0x000000008d900000| 15%| S|CS|TAMS 0x000000008d800000, 0x000000008d800000| Complete 
|  97|0x000000008d900000, 0x000000008da00000, 0x000000008da00000|100%| S|CS|TAMS 0x000000008d900000, 0x000000008d900000| Complete 
|  98|0x000000008da00000, 0x000000008db00000, 0x000000008db00000|100%| S|CS|TAMS 0x000000008da00000, 0x000000008da00000| Complete 
|  99|0x000000008db00000, 0x000000008dc00000, 0x000000008dc00000|100%| E|CS|TAMS 0x000000008db00000, 0x000000008db00000| Complete 
| 100|0x000000008dc00000, 0x000000008dd00000, 0x000000008dd00000|100%| E|CS|TAMS 0x000000008dc00000, 0x000000008dc00000| Complete 
| 101|0x000000008dd00000, 0x000000008de00000, 0x000000008de00000|100%| E|CS|TAMS 0x000000008dd00000, 0x000000008dd00000| Complete 
| 102|0x000000008de00000, 0x000000008df00000, 0x000000008df00000|100%| E|CS|TAMS 0x000000008de00000, 0x000000008de00000| Complete 
| 103|0x000000008df00000, 0x000000008e000000, 0x000000008e000000|100%| E|CS|TAMS 0x000000008df00000, 0x000000008df00000| Complete 
| 104|0x000000008e000000, 0x000000008e100000, 0x000000008e100000|100%| E|CS|TAMS 0x000000008e000000, 0x000000008e000000| Complete 
| 105|0x000000008e100000, 0x000000008e200000, 0x000000008e200000|100%| E|CS|TAMS 0x000000008e100000, 0x000000008e100000| Complete 
| 106|0x000000008e200000, 0x000000008e300000, 0x000000008e300000|100%| E|CS|TAMS 0x000000008e200000, 0x000000008e200000| Complete 
| 107|0x000000008e300000, 0x000000008e400000, 0x000000008e400000|100%| E|CS|TAMS 0x000000008e300000, 0x000000008e300000| Complete 
| 108|0x000000008e400000, 0x000000008e500000, 0x000000008e500000|100%| E|CS|TAMS 0x000000008e400000, 0x000000008e400000| Complete 
| 109|0x000000008e500000, 0x000000008e600000, 0x000000008e600000|100%| E|CS|TAMS 0x000000008e500000, 0x000000008e500000| Complete 
| 110|0x000000008e600000, 0x000000008e700000, 0x000000008e700000|100%| E|CS|TAMS 0x000000008e600000, 0x000000008e600000| Complete 
| 111|0x000000008e700000, 0x000000008e800000, 0x000000008e800000|100%| E|CS|TAMS 0x000000008e700000, 0x000000008e700000| Complete 
| 112|0x000000008e800000, 0x000000008e900000, 0x000000008e900000|100%| E|CS|TAMS 0x000000008e800000, 0x000000008e800000| Complete 
| 113|0x000000008e900000, 0x000000008ea00000, 0x000000008ea00000|100%| E|CS|TAMS 0x000000008e900000, 0x000000008e900000| Complete 
| 114|0x000000008ea00000, 0x000000008eb00000, 0x000000008eb00000|100%| E|CS|TAMS 0x000000008ea00000, 0x000000008ea00000| Complete 
| 115|0x000000008eb00000, 0x000000008ec00000, 0x000000008ec00000|100%| E|CS|TAMS 0x000000008eb00000, 0x000000008eb00000| Complete 
| 116|0x000000008ec00000, 0x000000008ed00000, 0x000000008ed00000|100%| E|CS|TAMS 0x000000008ec00000, 0x000000008ec00000| Complete 
| 117|0x000000008ed00000, 0x000000008ee00000, 0x000000008ee00000|100%| E|CS|TAMS 0x000000008ed00000, 0x000000008ed00000| Complete 
| 118|0x000000008ee00000, 0x000000008ef00000, 0x000000008ef00000|100%| E|CS|TAMS 0x000000008ee00000, 0x000000008ee00000| Complete 
| 119|0x000000008ef00000, 0x000000008f000000, 0x000000008f000000|100%| E|CS|TAMS 0x000000008ef00000, 0x000000008ef00000| Complete 
| 120|0x000000008f000000, 0x000000008f100000, 0x000000008f100000|100%| E|  |TAMS 0x000000008f000000, 0x000000008f000000| Complete 
| 121|0x000000008f100000, 0x000000008f200000, 0x000000008f200000|100%| E|CS|TAMS 0x000000008f100000, 0x000000008f100000| Complete 

Card table byte_map: [0x000001bf517e0000,0x000001bf51bb0000] _byte_map_base: 0x000001bf513a4000

Marking Bits (Prev, Next): (CMBitMap*) 0x000001bf3a3aa960, (CMBitMap*) 0x000001bf3a3aa9a0
 Prev Bits: [0x000001bf51f80000, 0x000001bf53da0000)
 Next Bits: [0x000001bf53da0000, 0x000001bf55bc0000)

Polling page: 0x000001bf38240000

Metaspace:

Usage:
  Non-class:      7.55 MB used.
      Class:      1.17 MB used.
       Both:      8.72 MB used.

Virtual space:
  Non-class space:       64.00 MB reserved,       7.62 MB ( 12%) committed,  1 nodes.
      Class space:        1.00 GB reserved,       1.25 MB ( <1%) committed,  1 nodes.
             Both:        1.06 GB reserved,       8.88 MB ( <1%) committed. 

Chunk freelists:
   Non-Class:  8.13 MB
       Class:  14.57 MB
        Both:  22.70 MB

MaxMetaspaceSize: unlimited
CompressedClassSpaceSize: 1.00 GB
Initial GC threshold: 21.00 MB
Current GC threshold: 21.00 MB
CDS: on
MetaspaceReclaimPolicy: balanced
 - commit_granule_bytes: 65536.
 - commit_granule_words: 8192.
 - virtual_space_node_default_size: 8388608.
 - enlarge_chunks_in_place: 1.
 - new_chunks_are_fully_committed: 0.
 - uncommit_free_chunks: 1.
 - use_allocation_guard: 0.
 - handle_deallocations: 1.


Internal statistics:

num_allocs_failed_limit: 0.
num_arena_births: 80.
num_arena_deaths: 0.
num_vsnodes_births: 2.
num_vsnodes_deaths: 0.
num_space_committed: 142.
num_space_uncommitted: 0.
num_chunks_returned_to_freelist: 0.
num_chunks_taken_from_freelist: 324.
num_chunk_merges: 0.
num_chunk_splits: 209.
num_chunks_enlarged: 170.
num_inconsistent_stats: 0.

CodeHeap 'non-profiled nmethods': size=120000Kb used=659Kb max_used=659Kb free=119340Kb
 bounds [0x000001bf49990000, 0x000001bf49c00000, 0x000001bf50ec0000]
CodeHeap 'profiled nmethods': size=120000Kb used=2890Kb max_used=2890Kb free=117109Kb
 bounds [0x000001bf41ec0000, 0x000001bf421a0000, 0x000001bf493f0000]
CodeHeap 'non-nmethods': size=5760Kb used=1168Kb max_used=1183Kb free=4591Kb
 bounds [0x000001bf493f0000, 0x000001bf49660000, 0x000001bf49990000]
 total_blobs=2006 nmethods=1545 adapters=374
 compilation: enabled
              stopped_count=0, restarted_count=0
 full_count=0

Compilation events (20 events):
Event: 16.618 Thread 0x000001bf58989fe0 nmethod 1536 0x000001bf42190c10 code [0x000001bf42190dc0, 0x000001bf42190fc8]
Event: 16.618 Thread 0x000001bf58989fe0 1537       3       org.gradle.internal.logging.slf4j.OutputEventListenerBackedLogger::isTraceEnabled (5 bytes)
Event: 16.618 Thread 0x000001bf58989fe0 nmethod 1537 0x000001bf42191090 code [0x000001bf42191240, 0x000001bf421913b8]
Event: 16.711 Thread 0x000001bf589876b0 1538       4       org.gradle.internal.logging.text.AbstractLineChoppingStyledTextOutput$StateContext::isCurrentCharEquals (70 bytes)
Event: 16.711 Thread 0x000001bf58989fe0 1540       3       java.nio.ByteBuffer::clear (7 bytes)
Event: 16.711 Thread 0x000001bf58989fe0 nmethod 1540 0x000001bf42191490 code [0x000001bf42191640, 0x000001bf421917b8]
Event: 16.711 Thread 0x000001bf58989fe0 1542       3       java.nio.charset.CoderResult::isUnderflow (13 bytes)
Event: 16.712 Thread 0x000001bf58989fe0 nmethod 1542 0x000001bf42191890 code [0x000001bf42191a20, 0x000001bf42191b78]
Event: 16.712 Thread 0x000001bf58989fe0 1541       3       java.nio.Buffer::clear (20 bytes)
Event: 16.712 Thread 0x000001bf58989fe0 nmethod 1541 0x000001bf42191c10 code [0x000001bf42191da0, 0x000001bf42191eb8]
Event: 16.712 Thread 0x000001bf58989fe0 1543       3       java.nio.ByteBuffer::array (35 bytes)
Event: 16.712 Thread 0x000001bf58989fe0 nmethod 1543 0x000001bf42191f90 code [0x000001bf42192160, 0x000001bf42192418]
Event: 16.712 Thread 0x000001bf58989fe0 1544       3       java.nio.CharBuffer::position (6 bytes)
Event: 16.713 Thread 0x000001bf58989fe0 nmethod 1544 0x000001bf42192590 code [0x000001bf42192740, 0x000001bf421928e8]
Event: 16.713 Thread 0x000001bf589876b0 nmethod 1538 0x000001bf49a34390 code [0x000001bf49a34520, 0x000001bf49a34668]
Event: 16.713 Thread 0x000001bf589876b0 1539       4       org.gradle.internal.logging.text.AbstractLineChoppingStyledTextOutput::access$900 (4 bytes)
Event: 16.713 Thread 0x000001bf589876b0 nmethod 1539 0x000001bf49a34810 code [0x000001bf49a34980, 0x000001bf49a349d8]
Event: 16.713 Thread 0x000001bf589876b0 1545       4       org.gradle.internal.logging.text.AbstractLineChoppingStyledTextOutput$StateContext::hasChar (25 bytes)
Event: 16.713 Thread 0x000001bf589876b0 nmethod 1545 0x000001bf49a34b10 code [0x000001bf49a34ca0, 0x000001bf49a34d38]
Event: 16.713 Thread 0x000001bf589876b0 1546       4       org.gradle.internal.logging.text.AbstractLineChoppingStyledTextOutput$1::execute (9 bytes)

GC Heap History (2 events):
Event: 0.481 GC heap before
{Heap before GC invocations=0 (full 0):
 garbage-first heap   total 124928K, used 22528K [0x0000000087800000, 0x0000000100000000)
  region size 1024K, 23 young (23552K), 0 survivors (0K)
 Metaspace       used 1892K, committed 2048K, reserved 1114112K
  class space    used 169K, committed 192K, reserved 1048576K
}
Event: 0.485 GC heap after
{Heap after GC invocations=1 (full 0):
 garbage-first heap   total 124928K, used 2208K [0x0000000087800000, 0x0000000100000000)
  region size 1024K, 3 young (3072K), 3 survivors (3072K)
 Metaspace       used 1892K, committed 2048K, reserved 1114112K
  class space    used 169K, committed 192K, reserved 1048576K
}

Dll operation events (12 events):
Event: 0.007 Loaded shared library C:\Program Files\Eclipse Adoptium\jdk-17.0.17.10-hotspot\bin\java.dll
Event: 0.018 Loaded shared library C:\Program Files\Eclipse Adoptium\jdk-17.0.17.10-hotspot\bin\jsvml.dll
Event: 0.038 Loaded shared library C:\Program Files\Eclipse Adoptium\jdk-17.0.17.10-hotspot\bin\net.dll
Event: 0.042 Loaded shared library C:\Program Files\Eclipse Adoptium\jdk-17.0.17.10-hotspot\bin\nio.dll
Event: 0.049 Loaded shared library C:\Program Files\Eclipse Adoptium\jdk-17.0.17.10-hotspot\bin\zip.dll
Event: 0.054 Loaded shared library C:\Program Files\Eclipse Adoptium\jdk-17.0.17.10-hotspot\bin\verify.dll
Event: 0.082 Loaded shared library C:\Program Files\Eclipse Adoptium\jdk-17.0.17.10-hotspot\bin\jimage.dll
Event: 0.878 Loaded shared library C:\Program Files\Eclipse Adoptium\jdk-17.0.17.10-hotspot\bin\management.dll
Event: 0.888 Loaded shared library C:\Program Files\Eclipse Adoptium\jdk-17.0.17.10-hotspot\bin\management_ext.dll
Event: 0.956 Loaded shared library C:\Users\USER\.gradle\native\1def1411415f61bf3af743bc5b6707747c0891f09f0c88961ee8f79bc544acac\windows-amd64\native-platform.dll
Event: 1.214 Loaded shared library C:\Program Files\Eclipse Adoptium\jdk-17.0.17.10-hotspot\bin\extnet.dll
Event: 1.504 Loaded shared library C:\Program Files\Eclipse Adoptium\jdk-17.0.17.10-hotspot\bin\sunmscapi.dll

Deoptimization events (20 events):
Event: 1.474 Thread 0x000001bf3a3500e0 Uncommon trap: trap_request=0xffffffde fr.pc=0x000001bf499cae14 relative=0x0000000000000074
Event: 1.474 Thread 0x000001bf3a3500e0 Uncommon trap: reason=class_check action=maybe_recompile pc=0x000001bf499cae14 method=java.util.AbstractList$Itr.hasNext()Z @ 8 c2
Event: 1.474 Thread 0x000001bf3a3500e0 DEOPT PACKING pc=0x000001bf499cae14 sp=0x0000003a254fca20
Event: 1.474 Thread 0x000001bf3a3500e0 DEOPT UNPACKING pc=0x000001bf494469a3 sp=0x0000003a254fc9b8 mode 2
Event: 1.474 Thread 0x000001bf3a3500e0 Uncommon trap: trap_request=0xffffffde fr.pc=0x000001bf499cb154 relative=0x00000000000000b4
Event: 1.474 Thread 0x000001bf3a3500e0 Uncommon trap: reason=class_check action=maybe_recompile pc=0x000001bf499cb154 method=java.util.AbstractList$Itr.next()Ljava/lang/Object; @ 14 c2
Event: 1.474 Thread 0x000001bf3a3500e0 DEOPT PACKING pc=0x000001bf499cb154 sp=0x0000003a254fca10
Event: 1.474 Thread 0x000001bf3a3500e0 DEOPT UNPACKING pc=0x000001bf494469a3 sp=0x0000003a254fc9a8 mode 2
Event: 1.515 Thread 0x000001bf3a3500e0 Uncommon trap: trap_request=0xffffffde fr.pc=0x000001bf499cae14 relative=0x0000000000000074
Event: 1.515 Thread 0x000001bf3a3500e0 Uncommon trap: reason=class_check action=maybe_recompile pc=0x000001bf499cae14 method=java.util.AbstractList$Itr.hasNext()Z @ 8 c2
Event: 1.515 Thread 0x000001bf3a3500e0 DEOPT PACKING pc=0x000001bf499cae14 sp=0x0000003a254fc340
Event: 1.515 Thread 0x000001bf3a3500e0 DEOPT UNPACKING pc=0x000001bf494469a3 sp=0x0000003a254fc2d8 mode 2
Event: 1.515 Thread 0x000001bf3a3500e0 Uncommon trap: trap_request=0xffffffde fr.pc=0x000001bf499cb154 relative=0x00000000000000b4
Event: 1.515 Thread 0x000001bf3a3500e0 Uncommon trap: reason=class_check action=maybe_recompile pc=0x000001bf499cb154 method=java.util.AbstractList$Itr.next()Ljava/lang/Object; @ 14 c2
Event: 1.515 Thread 0x000001bf3a3500e0 DEOPT PACKING pc=0x000001bf499cb154 sp=0x0000003a254fc330
Event: 1.515 Thread 0x000001bf3a3500e0 DEOPT UNPACKING pc=0x000001bf494469a3 sp=0x0000003a254fc2c8 mode 2
Event: 1.545 Thread 0x000001bf3a3500e0 Uncommon trap: trap_request=0xffffffde fr.pc=0x000001bf499cae14 relative=0x0000000000000074
Event: 1.545 Thread 0x000001bf3a3500e0 Uncommon trap: reason=class_check action=maybe_recompile pc=0x000001bf499cae14 method=java.util.AbstractList$Itr.hasNext()Z @ 8 c2
Event: 1.545 Thread 0x000001bf3a3500e0 DEOPT PACKING pc=0x000001bf499cae14 sp=0x0000003a254fd1c0
Event: 1.545 Thread 0x000001bf3a3500e0 DEOPT UNPACKING pc=0x000001bf494469a3 sp=0x0000003a254fd158 mode 2

Classes loaded (20 events):
Event: 4.842 Loading class jdk/internal/logger/LoggerFinderLoader
Event: 4.843 Loading class jdk/internal/logger/LoggerFinderLoader done
Event: 4.843 Loading class jdk/internal/logger/LoggerFinderLoader$TemporaryLoggerFinder
Event: 4.844 Loading class jdk/internal/logger/LoggerFinderLoader$TemporaryLoggerFinder done
Event: 4.844 Loading class sun/util/logging/internal/LoggingProviderImpl$JULWrapper
Event: 4.844 Loading class sun/util/logging/PlatformLogger$ConfigurableBridge$LoggerConfiguration
Event: 4.845 Loading class sun/util/logging/PlatformLogger$ConfigurableBridge$LoggerConfiguration done
Event: 4.845 Loading class sun/util/logging/internal/LoggingProviderImpl$JULWrapper done
Event: 4.846 Loading class java/io/ObjectInputFilter
Event: 4.846 Loading class java/io/ObjectInputFilter done
Event: 4.846 Loading class java/io/ObjectInputFilter$Config$BuiltinFilterFactory
Event: 4.846 Loading class java/io/ObjectInputFilter$Config$BuiltinFilterFactory done
Event: 4.846 Loading class jdk/internal/access/JavaObjectInputFilterAccess
Event: 4.846 Loading class jdk/internal/access/JavaObjectInputFilterAccess done
Event: 4.846 Loading class java/lang/System$Logger$Level
Event: 4.847 Loading class java/lang/System$Logger$Level done
Event: 4.847 Loading class java/io/Bits
Event: 4.847 Loading class java/io/Bits done
Event: 5.328 Loading class jdk/internal/misc/ScopedMemoryAccess$Scope
Event: 5.329 Loading class jdk/internal/misc/ScopedMemoryAccess$Scope done

Classes unloaded (0 events):
No events

Classes redefined (0 events):
No events

Internal exceptions (20 events):
Event: 0.873 Thread 0x000001bf3a3500e0 Exception <a 'java/lang/NoSuchMethodError'{0x000000008e4f24b8}: 'java.lang.Object java.lang.invoke.DirectMethodHandle$Holder.invokeStaticInit(java.lang.Object)'> (0x000000008e4f24b8) 
thrown [s\src\hotspot\share\interpreter\linkResolver.cpp, line 759]
Event: 0.905 Thread 0x000001bf3a3500e0 Exception <a 'java/lang/NoSuchMethodError'{0x000000008e30d7a8}: 'int java.lang.invoke.DirectMethodHandle$Holder.invokeSpecial(java.lang.Object, java.lang.Object, java.lang.Object)'> (0x000000008e30d7a8) 
thrown [s\src\hotspot\share\interpreter\linkResolver.cpp, line 759]
Event: 0.915 Thread 0x000001bf3a3500e0 Exception <a 'java/lang/NoSuchMethodError'{0x000000008e34aa60}: 'void java.lang.invoke.DirectMethodHandle$Holder.invokeStatic(java.lang.Object, java.lang.Object)'> (0x000000008e34aa60) 
thrown [s\src\hotspot\share\interpreter\linkResolver.cpp, line 759]
Event: 0.917 Thread 0x000001bf3a3500e0 Implicit null exception at 0x000001bf499fa70f to 0x000001bf499fac4c
Event: 0.917 Thread 0x000001bf3a3500e0 Implicit null exception at 0x000001bf499d500b to 0x000001bf499d554c
Event: 0.917 Thread 0x000001bf3a3500e0 Implicit null exception at 0x000001bf499c1eaf to 0x000001bf499c1f29
Event: 0.935 Thread 0x000001bf3a3500e0 Exception <a 'java/lang/NoClassDefFoundError'{0x000000008e3ccd20}: org/slf4j/impl/StaticMarkerBinder> (0x000000008e3ccd20) 
thrown [s\src\hotspot\share\classfile\systemDictionary.cpp, line 245]
Event: 0.968 Thread 0x000001bf3a3500e0 Exception <a 'java/lang/NoSuchMethodError'{0x000000008e2f0158}: 'java.lang.Object java.lang.invoke.Invokers$Holder.invoker(java.lang.Object, java.lang.Object, java.lang.Object)'> (0x000000008e2f0158) 
thrown [s\src\hotspot\share\interpreter\linkResolver.cpp, line 759]
Event: 0.969 Thread 0x000001bf3a3500e0 Exception <a 'java/lang/NoSuchMethodError'{0x000000008e2f92b0}: 'java.lang.Object java.lang.invoke.DirectMethodHandle$Holder.invokeStatic(java.lang.Object, java.lang.Object, int)'> (0x000000008e2f92b0) 
thrown [s\src\hotspot\share\interpreter\linkResolver.cpp, line 759]
Event: 0.971 Thread 0x000001bf3a3500e0 Exception <a 'java/lang/NoSuchMethodError'{0x000000008e1051e8}: 'void java.lang.invoke.DelegatingMethodHandle$Holder.delegate(java.lang.Object, java.lang.Object, int, java.lang.Object)'> (0x000000008e1051e8) 
thrown [s\src\hotspot\share\interpreter\linkResolver.cpp, line 759]
Event: 0.973 Thread 0x000001bf3a3500e0 Exception <a 'java/lang/NoSuchMethodError'{0x000000008e118830}: 'java.lang.Object java.lang.invoke.Invokers$Holder.invokeExact_MT(java.lang.Object, java.lang.Object, java.lang.Object, java.lang.Object)'> (0x000000008e118830) 
thrown [s\src\hotspot\share\interpreter\linkResolver.cpp, line 759]
Event: 0.979 Thread 0x000001bf3a3500e0 Exception <a 'java/lang/NoSuchMethodError'{0x000000008e1423b0}: 'java.lang.Object java.lang.invoke.DirectMethodHandle$Holder.invokeVirtual(java.lang.Object, java.lang.Object, java.lang.Object)'> (0x000000008e1423b0) 
thrown [s\src\hotspot\share\interpreter\linkResolver.cpp, line 759]
Event: 1.044 Thread 0x000001bf3a3500e0 Exception <a 'java/lang/NoSuchMethodError'{0x000000008de939f0}: 'java.lang.Object java.lang.invoke.DirectMethodHandle$Holder.newInvokeSpecial(java.lang.Object, java.lang.Object, java.lang.Object, java.lang.Object, java.lang.Object)'> (0x000000008de939f0) 
thrown [s\src\hotspot\share\interpreter\linkResolver.cpp, line 759]
Event: 1.065 Thread 0x000001bf3a3500e0 Exception <a 'java/lang/NoSuchMethodError'{0x000000008ddc18e0}: 'void java.lang.invoke.DirectMethodHandle$Holder.invokeSpecial(java.lang.Object, java.lang.Object, java.lang.Object)'> (0x000000008ddc18e0) 
thrown [s\src\hotspot\share\interpreter\linkResolver.cpp, line 759]
Event: 1.217 Thread 0x000001bf3a3500e0 Exception <a 'java/lang/NoSuchMethodError'{0x000000008dbf1360}: 'void java.lang.invoke.DirectMethodHandle$Holder.invokeStatic(java.lang.Object, java.lang.Object, java.lang.Object)'> (0x000000008dbf1360) 
thrown [s\src\hotspot\share\interpreter\linkResolver.cpp, line 759]
Event: 1.270 Thread 0x000001bf3a3500e0 Exception <a 'java/lang/NoSuchMethodError'{0x000000008d595088}: 'java.lang.Object java.lang.invoke.DirectMethodHandle$Holder.newInvokeSpecial(java.lang.Object, java.lang.Object, java.lang.Object, java.lang.Object, java.lang.Object, java.lang.Object, java.lang.Object, java.lang.Object, java.lang.Object, java.lang.Object, java.lang.Object, java.lang.Object, java.lang.Object, java.lang.Object, java.lang.Object, java.lang.Object, java.lang.Object, java.lang.Object, java.lang.Object, java.lang.Object, java.lang
Event: 1.270 Thread 0x000001bf3a3500e0 Exception <a 'java/lang/NoSuchMethodError'{0x000000008d5a1690}: 'java.lang.Object java.lang.invoke.Invokers$Holder.linkToTargetMethod(java.lang.Object, java.lang.Object, java.lang.Object, java.lang.Object, java.lang.Object, java.lang.Object, java.lang.Object, java.lang.Object, java.lang.Object, java.lang.Object, java.lang.Object, java.lang.Object, java.lang.Object, java.lang.Object, java.lang.Object, java.lang.Object, java.lang.Object, java.lang.Object, java.lang.Object, java.lang.Object, java.lang.Object,
Event: 1.304 Thread 0x000001bf3a3500e0 Exception <a 'java/lang/NoSuchMethodError'{0x000000008d204268}: 'java.lang.Object java.lang.invoke.DirectMethodHandle$Holder.invokeStaticInit(java.lang.Object, int, int, int, int)'> (0x000000008d204268) 
thrown [s\src\hotspot\share\interpreter\linkResolver.cpp, line 759]
Event: 1.446 Thread 0x000001bf3a3500e0 Exception <a 'java/lang/NoSuchMethodError'{0x000000008d2d1638}: 'java.lang.Object java.lang.invoke.DirectMethodHandle$Holder.invokeStaticInit(java.lang.Object, java.lang.Object, int, int, int, int)'> (0x000000008d2d1638) 
thrown [s\src\hotspot\share\interpreter\linkResolver.cpp, line 759]
Event: 1.461 Thread 0x000001bf3a3500e0 Implicit null exception at 0x000001bf499d8e72 to 0x000001bf499d9448

VM Operations (20 events):
Event: 1.117 Executing VM operation: HandshakeAllThreads
Event: 1.117 Executing VM operation: HandshakeAllThreads done
Event: 1.326 Executing VM operation: HandshakeAllThreads
Event: 1.326 Executing VM operation: HandshakeAllThreads done
Event: 1.484 Executing VM operation: HandshakeAllThreads
Event: 1.484 Executing VM operation: HandshakeAllThreads done
Event: 1.569 Executing VM operation: HandshakeAllThreads
Event: 1.569 Executing VM operation: HandshakeAllThreads done
Event: 1.569 Executing VM operation: Cleanup
Event: 1.570 Executing VM operation: Cleanup done
Event: 5.598 Executing VM operation: Cleanup
Event: 5.598 Executing VM operation: Cleanup done
Event: 7.612 Executing VM operation: Cleanup
Event: 7.612 Executing VM operation: Cleanup done
Event: 8.621 Executing VM operation: Cleanup
Event: 8.621 Executing VM operation: Cleanup done
Event: 9.627 Executing VM operation: Cleanup
Event: 9.627 Executing VM operation: Cleanup done
Event: 16.695 Executing VM operation: Cleanup
Event: 16.695 Executing VM operation: Cleanup done

Memory protections (0 events):
No events

Nmethod flushes (0 events):
No events

Events (13 events):
Event: 0.018 Thread 0x000001bf3a3500e0 Thread added: 0x000001bf3a3500e0
Event: 0.020 Thread 0x000001bf3a3500e0 Thread added: 0x000001bf58745f90
Event: 0.020 Thread 0x000001bf3a3500e0 Thread added: 0x000001bf58746860
Event: 0.024 Thread 0x000001bf3a3500e0 Thread added: 0x000001bf58982c30
Event: 0.024 Thread 0x000001bf3a3500e0 Thread added: 0x000001bf58983500
Event: 0.024 Thread 0x000001bf3a3500e0 Thread added: 0x000001bf58983dd0
Event: 0.024 Thread 0x000001bf3a3500e0 Thread added: 0x000001bf589846a0
Event: 0.024 Thread 0x000001bf3a3500e0 Thread added: 0x000001bf589876b0
Event: 0.024 Thread 0x000001bf3a3500e0 Thread added: 0x000001bf58989fe0
Event: 0.024 Thread 0x000001bf3a3500e0 Thread added: 0x000001bf5898a500
Event: 0.030 Thread 0x000001bf3a3500e0 Thread added: 0x000001bf58ae7770
Event: 0.032 Thread 0x000001bf3a3500e0 Thread added: 0x000001bf58ae95d0
Event: 0.997 Thread 0x000001bf3a3500e0 Thread added: 0x000001bf58ae7260


Dynamic libraries:
0x00007ff797c00000 - 0x00007ff797c0e000 	C:\Program Files\Eclipse Adoptium\jdk-17.0.17.10-hotspot\bin\java.exe
0x00007ffc76520000 - 0x00007ffc76787000 	C:\WINDOWS\SYSTEM32\ntdll.dll
0x00007ffc75590000 - 0x00007ffc7565b000 	C:\WINDOWS\System32\KERNEL32.DLL
0x00007ffc73720000 - 0x00007ffc73b22000 	C:\WINDOWS\System32\KERNELBASE.dll
0x00007ffc74020000 - 0x00007ffc7416c000 	C:\WINDOWS\System32\ucrtbase.dll
0x00007ffc5e730000 - 0x00007ffc5e74e000 	C:\Program Files\Eclipse Adoptium\jdk-17.0.17.10-hotspot\bin\VCRUNTIME140.dll
0x00007ffc5ac10000 - 0x00007ffc5ac28000 	C:\Program Files\Eclipse Adoptium\jdk-17.0.17.10-hotspot\bin\jli.dll
0x00007ffc74e80000 - 0x00007ffc7504f000 	C:\WINDOWS\System32\USER32.dll
0x00007ffc73b30000 - 0x00007ffc73b57000 	C:\WINDOWS\System32\win32u.dll
0x00007ffc4f7d0000 - 0x00007ffc4fa60000 	C:\WINDOWS\WinSxS\amd64_microsoft.windows.common-controls_6595b64144ccf1df_6.0.26100.9278_none_3e0d1ba8e3303201\COMCTL32.dll
0x00007ffc754f0000 - 0x00007ffc7551b000 	C:\WINDOWS\System32\GDI32.dll
0x00007ffc76430000 - 0x00007ffc764d9000 	C:\WINDOWS\System32\msvcrt.dll
0x00007ffc73d60000 - 0x00007ffc73e89000 	C:\WINDOWS\System32\gdi32full.dll
0x00007ffc73bf0000 - 0x00007ffc73c93000 	C:\WINDOWS\System32\msvcp_win.dll
0x00007ffc75f20000 - 0x00007ffc75f51000 	C:\WINDOWS\System32\IMM32.DLL
0x00007ffc5db60000 - 0x00007ffc5db6c000 	C:\Program Files\Eclipse Adoptium\jdk-17.0.17.10-hotspot\bin\vcruntime140_1.dll
0x00007ffc09100000 - 0x00007ffc0918d000 	C:\Program Files\Eclipse Adoptium\jdk-17.0.17.10-hotspot\bin\msvcp140.dll
0x00007ffbce9a0000 - 0x00007ffbcf60b000 	C:\Program Files\Eclipse Adoptium\jdk-17.0.17.10-hotspot\bin\server\jvm.dll
0x00007ffc74670000 - 0x00007ffc7472c000 	C:\WINDOWS\System32\ADVAPI32.dll
0x00007ffc75f70000 - 0x00007ffc76019000 	C:\WINDOWS\System32\sechost.dll
0x00007ffc76020000 - 0x00007ffc76138000 	C:\WINDOWS\System32\RPCRT4.dll
0x00007ffc75660000 - 0x00007ffc756e0000 	C:\WINDOWS\System32\WS2_32.dll
0x00007ffc735a0000 - 0x00007ffc735fe000 	C:\WINDOWS\SYSTEM32\POWRPROF.dll
0x00007ffc6dc50000 - 0x00007ffc6dc86000 	C:\WINDOWS\SYSTEM32\WINMM.dll
0x00007ffc5dc70000 - 0x00007ffc5dc7b000 	C:\WINDOWS\SYSTEM32\VERSION.dll
0x00007ffc73580000 - 0x00007ffc73595000 	C:\WINDOWS\SYSTEM32\UMPDC.dll
0x00007ffc723b0000 - 0x00007ffc723cb000 	C:\WINDOWS\SYSTEM32\kernel.appcore.dll
0x00007ffc5db30000 - 0x00007ffc5db3a000 	C:\Program Files\Eclipse Adoptium\jdk-17.0.17.10-hotspot\bin\jimage.dll
0x00007ffc70b60000 - 0x00007ffc70dac000 	C:\WINDOWS\SYSTEM32\DBGHELP.DLL
0x00007ffc75160000 - 0x00007ffc754e5000 	C:\WINDOWS\System32\combase.dll
0x00007ffc74240000 - 0x00007ffc74319000 	C:\WINDOWS\System32\OLEAUT32.dll
0x00007ffc4ad50000 - 0x00007ffc4ad8b000 	C:\WINDOWS\SYSTEM32\dbgcore.DLL
0x00007ffc73ca0000 - 0x00007ffc73d4c000 	C:\WINDOWS\System32\bcryptPrimitives.dll
0x00007ffc41ff0000 - 0x00007ffc42015000 	C:\Program Files\Eclipse Adoptium\jdk-17.0.17.10-hotspot\bin\java.dll
0x00007ffbfc310000 - 0x00007ffbfc3e7000 	C:\Program Files\Eclipse Adoptium\jdk-17.0.17.10-hotspot\bin\jsvml.dll
0x00007ffc756f0000 - 0x00007ffc75e88000 	C:\WINDOWS\System32\SHELL32.dll
0x00007ffc71140000 - 0x00007ffc719ee000 	C:\WINDOWS\SYSTEM32\windows.storage.dll
0x00007ffc75060000 - 0x00007ffc7515b000 	C:\WINDOWS\System32\SHCORE.dll
0x00007ffc75520000 - 0x00007ffc75586000 	C:\WINDOWS\System32\shlwapi.dll
0x00007ffc73640000 - 0x00007ffc73669000 	C:\WINDOWS\SYSTEM32\profapi.dll
0x00007ffc56130000 - 0x00007ffc5614a000 	C:\Program Files\Eclipse Adoptium\jdk-17.0.17.10-hotspot\bin\net.dll
0x00007ffc69a90000 - 0x00007ffc69bba000 	C:\WINDOWS\SYSTEM32\WINHTTP.dll
0x00007ffc72950000 - 0x00007ffc729bc000 	C:\WINDOWS\system32\mswsock.dll
0x00007ffc42ff0000 - 0x00007ffc43006000 	C:\Program Files\Eclipse Adoptium\jdk-17.0.17.10-hotspot\bin\nio.dll
0x00007ffc42a70000 - 0x00007ffc42a88000 	C:\Program Files\Eclipse Adoptium\jdk-17.0.17.10-hotspot\bin\zip.dll
0x00007ffc5b4f0000 - 0x00007ffc5b500000 	C:\Program Files\Eclipse Adoptium\jdk-17.0.17.10-hotspot\bin\verify.dll
0x00007ffc5b460000 - 0x00007ffc5b46a000 	C:\Program Files\Eclipse Adoptium\jdk-17.0.17.10-hotspot\bin\management.dll
0x00007ffc5b1c0000 - 0x00007ffc5b1cc000 	C:\Program Files\Eclipse Adoptium\jdk-17.0.17.10-hotspot\bin\management_ext.dll
0x00007ffc75f60000 - 0x00007ffc75f68000 	C:\WINDOWS\System32\PSAPI.DLL
0x00007ffc3e440000 - 0x00007ffc3e467000 	C:\Users\USER\.gradle\native\1def1411415f61bf3af743bc5b6707747c0891f09f0c88961ee8f79bc544acac\windows-amd64\native-platform.dll
0x00007ffc71eb0000 - 0x00007ffc71ee3000 	C:\WINDOWS\SYSTEM32\IPHLPAPI.DLL
0x00007ffc74740000 - 0x00007ffc7474a000 	C:\WINDOWS\System32\NSI.dll
0x00007ffc69f30000 - 0x00007ffc69f4d000 	C:\WINDOWS\SYSTEM32\dhcpcsvc6.DLL
0x00007ffc69cf0000 - 0x00007ffc69d15000 	C:\WINDOWS\SYSTEM32\dhcpcsvc.DLL
0x00007ffc71ef0000 - 0x00007ffc72048000 	C:\WINDOWS\SYSTEM32\DNSAPI.dll
0x00007ffc72770000 - 0x00007ffc7277d000 	C:\WINDOWS\SYSTEM32\DSPARSE.dll
0x00007ffc5a8d0000 - 0x00007ffc5a8d9000 	C:\Program Files\Eclipse Adoptium\jdk-17.0.17.10-hotspot\bin\extnet.dll
0x00007ffc72d70000 - 0x00007ffc72d8b000 	C:\WINDOWS\SYSTEM32\CRYPTSP.dll
0x00007ffc72310000 - 0x00007ffc72349000 	C:\WINDOWS\system32\rsaenh.dll
0x00007ffc72a00000 - 0x00007ffc72a34000 	C:\WINDOWS\SYSTEM32\USERENV.dll
0x00007ffc73610000 - 0x00007ffc7363a000 	C:\WINDOWS\SYSTEM32\bcrypt.dll
0x00007ffc72d40000 - 0x00007ffc72d4c000 	C:\WINDOWS\SYSTEM32\CRYPTBASE.dll
0x00007ffc52950000 - 0x00007ffc5295e000 	C:\Program Files\Eclipse Adoptium\jdk-17.0.17.10-hotspot\bin\sunmscapi.dll
0x00007ffc73e90000 - 0x00007ffc7400e000 	C:\WINDOWS\System32\CRYPT32.dll
0x00007ffc72ee0000 - 0x00007ffc72f10000 	C:\WINDOWS\SYSTEM32\ncrypt.dll
0x00007ffc72e90000 - 0x00007ffc72ecf000 	C:\WINDOWS\SYSTEM32\NTASN1.dll
0x00007ffc4a2c0000 - 0x00007ffc4a2c8000 	C:\WINDOWS\system32\wshunix.dll

dbghelp: loaded successfully - version: 4.0.5 - missing functions: none
symbol engine: initialized successfully - sym options: 0x614 - pdb path: .;C:\Program Files\Eclipse Adoptium\jdk-17.0.17.10-hotspot\bin;C:\WINDOWS\SYSTEM32;C:\WINDOWS\WinSxS\amd64_microsoft.windows.common-controls_6595b64144ccf1df_6.0.26100.9278_none_3e0d1ba8e3303201;C:\Program Files\Eclipse Adoptium\jdk-17.0.17.10-hotspot\bin\server;C:\Users\USER\.gradle\native\1def1411415f61bf3af743bc5b6707747c0891f09f0c88961ee8f79bc544acac\windows-amd64

VM Arguments:
jvm_args: -Dorg.gradle.appname=gradlew 
java_command: org.gradle.wrapper.GradleWrapperMain -q -Ptarget-platform=android-arm64 -Ptarget=C:\Users\USER\StudioProjects\thumstechs\lib\main.dart -Pbase-application-name=android.app.Application -Pdart-defines=Zmx1dHRlci5pbnNwZWN0b3Iuc3RydWN0dXJlZEVycm9ycz10cnVl,RkxVVFRFUl9CVUlMRF9OQU1FPTEuMC4w,RkxVVFRFUl9CVUlMRF9OVU1CRVI9MTk=,RkxVVFRFUl9WRVJTSU9OPTMuNDcuMg==,RkxVVFRFUl9DSEFOTkVMPXN0YWJsZQ==,RkxVVFRFUl9HSVRfVVJMPWh0dHBzOi8vZ2l0aHViLmNvbS9mbHV0dGVyL2ZsdXR0ZXIuZ2l0,RkxVVFRFUl9GUkFNRVdPUktfUkVWSVNJT049ZDNiMTRjODc2OQ==,RkxVVFRFUl9FTkdJTkVfUkVWSVNJT049YTgwNGIyNjE2NA==,RkxVVFRFUl9EQVJUX1ZFUlNJT049My4xMy4y -Pdart-obfuscation=false -Ptrack-widget-creation=true -Ptree-shake-icons=false -Pfilesystem-scheme=org-dartlang-root -Pflutter.androidSdkRoot=C:\Users\USER\AppData\Local\Android\sdk -Pflutter.installedNdkVersions=27.0.12077973,28.0.12674087,28.2.13676358 -Pflutter.sdkManagerPath=C:\Users\USER\AppData\Local\Android\sdk\cmdline-tools\latest\bin\sdkmanager.bat assembleDebug
java_class_path (initial): C:\Users\USER\StudioProjects\thumstechs\android\\gradle\wrapper\gradle-wrapper.jar
Launcher Type: SUN_STANDARD

[Global flags]
     intx CICompilerCount                          = 4                                         {product} {ergonomic}
     uint ConcGCThreads                            = 3                                         {product} {ergonomic}
     uint G1ConcRefinementThreads                  = 10                                        {product} {ergonomic}
   size_t G1HeapRegionSize                         = 1048576                                   {product} {ergonomic}
    uintx GCDrainStackTargetSize                   = 64                                        {product} {ergonomic}
   size_t InitialHeapSize                          = 127926272                                 {product} {ergonomic}
   size_t MarkStackSize                            = 4194304                                   {product} {ergonomic}
   size_t MaxHeapSize                              = 2021654528                                {product} {ergonomic}
   size_t MaxNewSize                               = 1212153856                                {product} {ergonomic}
   size_t MinHeapDeltaBytes                        = 1048576                                   {product} {ergonomic}
   size_t MinHeapSize                              = 8388608                                   {product} {ergonomic}
    uintx NonNMethodCodeHeapSize                   = 5839372                                {pd product} {ergonomic}
    uintx NonProfiledCodeHeapSize                  = 122909434                              {pd product} {ergonomic}
    uintx ProfiledCodeHeapSize                     = 122909434                              {pd product} {ergonomic}
    uintx ReservedCodeCacheSize                    = 251658240                              {pd product} {ergonomic}
     bool SegmentedCodeCache                       = true                                      {product} {ergonomic}
   size_t SoftMaxHeapSize                          = 2021654528                             {manageable} {ergonomic}
     bool UseCompressedClassPointers               = true                           {product lp64_product} {ergonomic}
     bool UseCompressedOops                        = true                           {product lp64_product} {ergonomic}
     bool UseG1GC                                  = true                                      {product} {ergonomic}
     bool UseLargePagesIndividualAllocation        = false                                  {pd product} {ergonomic}

Logging:
Log output configuration:
 #0: stdout all=warning uptime,level,tags
 #1: stderr all=off uptime,level,tags

Environment Variables:
JAVA_HOME=C:\Program Files\Eclipse Adoptium\jdk-17.0.17.10-hotspot
CLASSPATH=C:\Users\USER\StudioProjects\thumstechs\android\\gradle\wrapper\gradle-wrapper.jar
PATH=C:\Program Files\Eclipse Adoptium\jdk-17.0.17.10-hotspot\bin;C:\Python314\Scripts\;C:\Python314\;C:\Program Files\Eclipse Adoptium\jdk-17.0.17.10-hotspot\bin;C:\Program Files\Eclipse Adoptium\jdk-25.0.1.8-hotspot\bin;C:\WINDOWS\system32;C:\WINDOWS;C:\WINDOWS\System32\Wbem;C:\WINDOWS\System32\WindowsPowerShell\v1.0\;C:\WINDOWS\System32\OpenSSH\;D:\Apps\flutter_windows_3.38.5-stable\flutter\bin;C:\Program Files\Git\bin;C:\Users\USER\AppData\Local\Pub\Cache\bin;C:\Program Files\Eclipse Adoptium\jdk-17.0.17.10-hotspot;C:\msys64\mingw64\bin;C:\Users\USER\AppData\Local\Programs\Python\Python311;C:\Users\USER\AppData\Local\Programs\Python\Python311\Scripts;C:\Program Files (x86)\Windows Kits\10\Windows Performance Toolkit\;C:\Program Files\CMake\bin;C:\ProgramData\chocolatey\bin;C:\Program Files\nodejs\;C:\Users\USER\AppData\Local\Microsoft\WindowsApps;C:\Users\USER\AppData\Local\Programs\Microsoft VS Code\bin;D:\Apps\flutter_windows_3.38.5-stable\flutter\bin;C:\Users\USER\AppData\Local\Programs\Python\Python311\Scripts;C:\Users\USER\AppData\Local\Programs\Python\Python311;C:\Users\USER\AppData\Local\Android\Sdk\platform-tools;C:\Users\USER\AppData\Local\Programs\cursor\resources\app\bin;C:\Users\USER\AppData\Roaming\npm;C:\Users\USER\AppData\Local\Google\Cloud SDK\google-cloud-sdk\bin;C:\Users\USER\AppData\Local\Kingsoft\WPS Office\12.1.0.27458\clitool;D:\Apps\flutter_windows_3.38.5-stable\flutter\bin\mingit\cmd
USERNAME=USER
OS=Windows_NT
PROCESSOR_IDENTIFIER=Intel64 Family 6 Model 186 Stepping 3, GenuineIntel
TMP=C:\Users\USER\AppData\Local\Temp
TEMP=C:\Users\USER\AppData\Local\Temp



Periodic native trim disabled


---------------  S Y S T E M  ---------------

OS:
 Windows 11 , 64 bit Build 26100 (10.0.26100.9444)
OS uptime: 1 days 23:51 hours
Hyper-V role detected

CPU: total 12 (initial active 12) (6 cores per cpu, 2 threads per core) family 6 model 186 stepping 3 microcode 0x4123, cx8, cmov, fxsr, ht, mmx, 3dnowpref, sse, sse2, sse3, ssse3, sse4.1, sse4.2, popcnt, lzcnt, tsc, tscinvbit, avx, avx2, aes, erms, clmul, bmi1, bmi2, adx, sha, fma, vzeroupper, clflush, clflushopt, clwb, hv
Processor Information for processor 0
  Max Mhz: 1700, Current Mhz: 1700, Mhz Limit: 1700
Processor Information for processor 1
  Max Mhz: 1700, Current Mhz: 1700, Mhz Limit: 1700
Processor Information for processor 2
  Max Mhz: 1700, Current Mhz: 1700, Mhz Limit: 1700
Processor Information for processor 3
  Max Mhz: 1700, Current Mhz: 1700, Mhz Limit: 1700
Processor Information for processor 4
  Max Mhz: 1700, Current Mhz: 1200, Mhz Limit: 1190
Processor Information for processor 5
  Max Mhz: 1700, Current Mhz: 1200, Mhz Limit: 1190
Processor Information for processor 6
  Max Mhz: 1700, Current Mhz: 1200, Mhz Limit: 1190
Processor Information for processor 7
  Max Mhz: 1700, Current Mhz: 1200, Mhz Limit: 1190
Processor Information for processor 8
  Max Mhz: 1700, Current Mhz: 1200, Mhz Limit: 1190
Processor Information for processor 9
  Max Mhz: 1700, Current Mhz: 1200, Mhz Limit: 1190
Processor Information for processor 10
  Max Mhz: 1700, Current Mhz: 1200, Mhz Limit: 1190
Processor Information for processor 11
  Max Mhz: 1700, Current Mhz: 1200, Mhz Limit: 1190

Memory: 4k page, system-wide physical 7710M (220M free)
TotalPageFile size 31262M (AvailPageFile size 69M)
current process WorkingSet (physical memory assigned to process): 27M, peak: 102M
current process commit charge ("private bytes"): 229M, peak: 233M

vm_info: OpenJDK 64-Bit Server VM (17.0.17+10) for windows-amd64 JRE (17.0.17+10), built on Oct 21 2025 23:25:32 by "admin" with unknown MS VC++:1942

END.
